---
source: src/sync/codegen.rs
expression: code
---
// This file is automatically @generated by Asphalt.
// It is not intended for manual editing.
declare const name: {
	readonly fred: string;
	readonly qux: {
		readonly baz: number;
		readonly foo: string;
	};
	readonly waldo: Content;
}

export = name
